
> nabapresence@0.0.1 build /Users/amankumarshrestha/LapenInns Project/NabaPresence
> next build --webpack

▲ Next.js 16.2.6 (webpack)
- Environments: .env.local, .env

  Creating an optimized production build ...
✓ Compiled successfully in 5.1s
  Running TypeScript ...
  Finished TypeScript in 4.6s ...
  Collecting page data using 17 workers ...
  Generating static pages using 17 workers (0/57) ...
  Generating static pages using 17 workers (14/57) 
  Generating static pages using 17 workers (28/57) 
  Generating static pages using 17 workers (42/57) 
✓ Generating static pages using 17 workers (57/57) in 134ms
  Finalizing page optimization ...
  Collecting build traces ...

Route (app)
┌ ƒ /
├ ○ /_not-found
├ ƒ /analytics
├ ƒ /api/analytics/overview
├ ƒ /api/audit-log
├ ƒ /api/auth/callback/google
├ ƒ /api/auth/password/login
├ ƒ /api/auth/password/register
├ ƒ /api/auth/password/reset/complete
├ ƒ /api/auth/password/reset/request
├ ƒ /api/cron/retention
├ ƒ /api/drafts/[id]/verify
├ ƒ /api/google/accounts
├ ƒ /api/google/connect/callback
├ ƒ /api/google/connect/start
├ ƒ /api/google/connections
├ ƒ /api/google/connections/[id]/disconnect
├ ƒ /api/google/locations
├ ƒ /api/google/notifications
├ ƒ /api/invitations
├ ƒ /api/invitations/[token]
├ ƒ /api/jobs/run
├ ƒ /api/legal-holds
├ ƒ /api/location-links
├ ƒ /api/location-members
├ ƒ /api/members
├ ƒ /api/operations/health
├ ƒ /api/organisations
├ ƒ /api/privacy/export
├ ƒ /api/privacy/requests
├ ƒ /api/reviews
├ ƒ /api/reviews/[id]
├ ƒ /api/reviews/[id]/approval
├ ƒ /api/reviews/[id]/drafts
├ ƒ /api/reviews/[id]/publish
├ ƒ /api/reviews/[id]/reply
├ ƒ /api/reviews/counts
├ ƒ /api/session
├ ƒ /api/session/switch
├ ƒ /api/settings
├ ƒ /api/support/impersonation
├ ƒ /api/sync/backfill
├ ƒ /api/sync/reconcile
├ ƒ /api/sync/sweep
├ ƒ /api/webhooks/google/pubsub
├ ƒ /api/webhooks/google/pubsub/failures
├ ƒ /api/webhooks/google/pubsub/replay
├ ƒ /auth/confirm
├ ƒ /connections
├ ○ /design-system
├ ○ /forgot-password
├ ƒ /home
├ ƒ /inbox
├ ƒ /invite/[token]
├ ƒ /locations
├ ƒ /locations/[id]
├ ƒ /locations/[id]/booking
├ ƒ /locations/[id]/hours
├ ƒ /locations/[id]/menu
├ ƒ /locations/[id]/performance
├ ƒ /locations/[id]/photos
├ ƒ /locations/[id]/posts
├ ƒ /locations/[id]/qa
├ ƒ /locations/[id]/reviews
├ ƒ /overview
├ ƒ /performance
├ ƒ /reset-password
├ ƒ /reviews
├ ƒ /settings
├ ƒ /settings/compliance
├ ƒ /settings/connections
├ ƒ /settings/team
└ ƒ /sign-in


○  (Static)   prerendered as static content
ƒ  (Dynamic)  server-rendered on demand


> nabapresence@0.0.1 postbuild /Users/amankumarshrestha/LapenInns Project/NabaPresence
> node scripts/prepare-standalone.mjs

